pars: {'ion_list': array([1]), 'user_index': 1, 'lshell': 2}
10  25
    1  -0j
    2  0j
    3  -0j
    4  (-0+0j)
    5  (-0-0j)
    1  (-0+0j)
    2  (-0-0j)
    3  (-0+0j)
    4  (-0-0j)
    5  0j
    1  -0j
    2  0j
    3  -0j
    4  0j
    5  (-0-0j)
    1  (-0+0j)
    2  (-0-0j)
    3  (-0+0j)
    4  -0j
    5  (-0+0j)
    1  (-0+0j)
    2  (-0-0j)
    3  (-0+0j)
    4  0j
    5  (-0+0j)
    1  -0j
    2  0j
    3  -0j
    4  0j
    5  (-0-0j)
    1  (-0+0j)
    2  -0j
    3  (-0+0j)
    4  0j
    5  0j
    1  (-0+0j)
    2  -0j
    3  (-0+0j)
    4  0j
    5  0j
    1  (-0+0j)
    2  -0j
    3  (-0+0j)
    4  0j
    5  (-0+0j)
    1  (-0.0004508+0.0028852j)
    2  (-0.1497561+0.9581279j)
    3  (-0+0j)
    4  (-0.0001217+0.0008514j)
    5  (-0+0j)
    1  (-0.0023141+0.0018742j)
    2  (0.0006823-0.0005381j)
    3  (-0+0j)
    4  (-0.7536259+0.6103144j)
    5  -0j
    1  (-0.9588806+0.1448303j)
    2  (0.0028849-0.0004356j)
    3  (-0+0j)
    4  (0.0029471-0.0004451j)
    5  0j
    1  0j
    2  0j
    3  (-0.0222997-0.0193299j)
    4  (-0-0j)
    5  (-0.5552623-0.4813134j)
    1  -0j
    2  (-0+0j)
    3  (0.5488983-0.4885585j)
    4  (-0+0j)
    5  (-0.0220441+0.0196209j)
    1  -0j
    2  (-0+0j)
    3  (0.0018298-0.0011222j)
    4  (-0-0j)
    5  (0.1926196-0.1180961j)
    1  (-0-0j)
    2  -0j
    3  (-0.225939-0.0007474j)
    4  0j
    5  (0.0021464+7.4e-06j)
10  23
    1  -0j
    2  (-0-0j)
    3  (0.1798377+0.043276j)
    4  -0j
    5  (-0.30033-0.0722711j)
    1  (0.0913626+0.1364412j)
    2  0j
    3  (-0-0j)
    4  (0.0001106+0.0001663j)
    5  0j
    1  (3.9e-06-0.0001996j)
    2  (-0-0j)
    3  0j
    4  (-0.0037065+0.1641633j)
    5  (-0-0j)
    1  (-0.0307734-0.0241725j)
    2  0j
    3  (-0-0j)
    4  (-0.4380031-0.343931j)
    5  0j
    1  (0.5509428-0.0812239j)
    2  (-0-0j)
    3  0j
    4  (-0.0387125+0.005714j)
    5  (-0-0j)
    1  (-0+0j)
    2  0j
    3  (0.0303415+0.0734015j)
    4  (-0+0j)
    5  (-0.0506704-0.1225809j)
    1  (-0+0j)
    2  -0j
    3  (-0.0189898-0.0160965j)
    4  (-0-0j)
    5  (-0.010571-0.0089604j)
    1  (-0.1052749-0.0335264j)
    2  (-0-0j)
    3  (-0+0j)
    4  (-0.0030429-0.0009691j)
    5  (-0+0j)
    1  (-0.0021753+0.002338j)
    2  (-0+0j)
    3  -0j
    4  (0.075262-0.0808856j)
    5  -0j
    1  (-0-0j)
    2  (-0.9029934-0.3629887j)
    3  (-0-0j)
    4  (-0-0j)
    5  (-0-0j)
    1  (-0.0022701+0.0017722j)
    2  -0j
    3  (-0+0j)
    4  (-0.5988639+0.4674931j)
    5  -0j
    1  (0.4737477+0.5939284j)
    2  (-0-0j)
    3  0j
    4  (-0.0017958-0.0022515j)
    5  0j
    1  (-0-0j)
    2  (-0-0j)
    3  (0.3675154+0.536373j)
    4  (-0-0j)
    5  (0.2045843+0.2985821j)
    1  (-0-0j)
    2  0j
    3  (0.0256802+0.3419576j)
    4  (-0-0j)
    5  (-0.0428861-0.5710709j)
10  23
    1  (-0-0j)
    2  (-0+0j)
    3  (-0.1733519+0.0645254j)
    4  (-0+0j)
    5  (0.2894987-0.1077578j)
    1  (-0.1377034+0.0894482j)
    2  (-0+0j)
    3  (-0-0j)
    4  (-0.0002898+0.000267j)
    5  (-0-0j)
    1  (0.0002132-0.0003313j)
    2  -0j
    3  0j
    4  (-0.06447+0.1510193j)
    5  0j
    1  (-0.0386479-0.000869j)
    2  (-0+0j)
    3  (-0-0j)
    4  (-0.5566305-0.0182938j)
    5  (-0-0j)
    1  (-0.2892412-0.4759324j)
    2  (-0+0j)
    3  (-0-0j)
    4  (0.0197331+0.0332419j)
    5  (-0-0j)
    1  (-1e-07-0j)
    2  (-0+1e-07j)
    3  (0.0683882-0.040391j)
    4  (-0+0j)
    5  (-0.1142089+0.067453j)
    1  0j
    2  0j
    3  (-0.0245703-0.0040012j)
    4  (-0-0j)
    5  (-0.0136775-0.0022274j)
    1  (-0.099971+0.0470387j)
    2  (-0+0j)
    3  -0j
    4  (-0.0028895+0.0013595j)
    5  (-0+0j)
    1  (0.0006444+0.0031277j)
    2  0j
    3  0j
    4  (-0.0222906-0.1082126j)
    5  (-0-0j)
    1  (-0+0j)
    2  (-0.1072096+0.9672973j)
    3  (-0+0j)
    4  (-0+0j)
    5  (-0+0j)
    1  (0.0020646-0.0020078j)
    2  (-0+0j)
    3  -0j
    4  (0.5446383-0.5296762j)
    5  (-0+0j)
    1  (-0.4361445-0.6220658j)
    2  0j
    3  (-0-0j)
    4  (0.0016533+0.002358j)
    5  (-0-0j)
    1  (-0+0j)
    2  (-0+0j)
    3  (0.0994177-0.6425572j)
    4  (-0+0j)
    5  (0.0553427-0.3576915j)
    1  (-0+0j)
    2  -0j
    3  (0.3262859-0.105508j)
    4  (-0+0j)
    5  (-0.5448991+0.176199j)
10  23
    1  (-1e-07+0j)
    2  (-0-0j)
    3  (0.1276138-0.1338997j)
    4  0j
    5  (0.2131158-0.2236133j)
    1  (-0.1592148-0.0401744j)
    2  (-0.0001382+1.34e-05j)
    3  -0j
    4  0j
    5  0j
    1  (9.12e-05-0.0001048j)
    2  (-0.0596493+0.1529879j)
    3  (-0+0j)
    4  (-0-0j)
    5  (-0-0j)
    1  (-0.0337956+0.0219034j)
    2  (-0.4778652+0.2858139j)
    3  -0j
    4  0j
    5  0j
    1  (0.1085553+0.5461322j)
    2  (-0.0064237-0.0397572j)
    3  (-0+0j)
    4  (-0-0j)
    5  (-0-0j)
    1  (-4e-07+1e-07j)
    2  (-2e-07-0j)
    3  (-0.027945+0.0743468j)
    4  (2e-07+2e-07j)
    5  (-0.0466688+0.1241597j)
    1  0j
    2  (-0+0j)
    3  (-0.0180286+0.0171662j)
    4  (-0-0j)
    5  (0.010036-0.0095559j)
    1  (0.108703-0.0199224j)
    2  (0.0019145-0.000351j)
    3  (-0+0j)
    4  -0j
    5  -0j
    1  (0.0005201-0.0018756j)
    2  (-0.0295246+0.1064967j)
    3  -0j
    4  -0j
    5  -0j
    1  0j
    2  (-0+0j)
    3  0j
    4  (0.3917601+0.8908882j)
    5  (-0-0j)
    1  (-0.0028103-0.0001946j)
    2  (-0.7579135-0.0524913j)
    3  (-0-0j)
    4  -0j
    5  (-0-0j)
    1  (0.6214492+0.4370229j)
    2  (-0.0023043-0.0016205j)
    3  0j
    4  (-0-0j)
    5  (-0-0j)
    1  (-0+0j)
    2  (-0+0j)
    3  (0.2052216-0.6169665j)
    4  (-0+0j)
    5  (-0.1142404+0.343446j)
    1  0j
    2  -0j
    3  (-0.0254931+0.3419716j)
    4  (-0+0j)
    5  (-0.0425736+0.5710942j)
10  22
    1  (-0.0649311-0.3442876j)
    2  (-0-0j)
    3  (0.0378287+0.2005811j)
    4  (-0-0j)
    5  0j
    1  (0.3106791+0.4493758j)
    2  (-0-0j)
    3  (0.0875018+0.1265652j)
    4  (-0+0j)
    5  (-3e-07-5e-07j)
    1  (-4e-07+3e-07j)
    2  0j
    3  (-1e-07+1e-07j)
    4  (-0+0j)
    5  (-0.471188+0.3354972j)
    1  (-0-0j)
    2  (0.2581334+0.1910264j)
    3  (-0+0j)
    4  (0.2581334+0.1910264j)
    5  0j
    1  (-0+0j)
    2  (0.4113635-0.070039j)
    3  -0j
    4  (-0.4113635+0.070039j)
    5  (-0-0j)
    1  (0.0016106-0.0027085j)
    2  -0j
    3  (0.0379126-0.0637563j)
    4  0j
    5  1e-07j
    1  0j
    2  (-0.236061-0.1082325j)
    3  0j
    4  (-0.236061-0.1082325j)
    5  (-0+0j)
    1  0j
    2  0j
    3  0j
    4  (-0-0j)
    5  (0.1545555+0.0883244j)
    1  0j
    2  0j
    3  0j
    4  (-0-0j)
    5  (0.0464772+0.0437532j)
    1  0j
    2  (0.5477333+0.0430706j)
    3  0j
    4  (0.5477332+0.0430706j)
    5  (-0+0j)
    1  (-0-0j)
    2  (-0.1179476-0.53596j)
    3  -0j
    4  (0.1179476+0.5359601j)
    5  (-0-0j)
    1  (-0.3912362-0.4448266j)
    2  0j
    3  (0.0271323+0.0308488j)
    4  0j
    5  0j
    1  (-0.0007282-0.0085436j)
    2  0j
    3  (-0.0618833-0.7260608j)
    4  0j
    5  (-0-0j)
10  22
    1  (-0.3251665-0.1304481j)
    2  (-1e-07-0j)
    3  (-0.1894412-0.0759987j)
    4  0j
    5  (1e-07+0j)
    1  (0.5384525+0.0923521j)
    2  (2e-07+0j)
    3  (-0.1516534-0.0260108j)
    4  (-0-1e-07j)
    5  (5e-07+1e-07j)
    1  (5e-07+0j)
    2  (-1e-07-0j)
    3  (-2e-07+0j)
    4  (-0+0j)
    5  (-0.5766721-0.0450084j)
    1  0j
    2  (0.297352-0.1212671j)
    3  (-0+0j)
    4  (-0.297352+0.1212672j)
    5  -0j
    1  0j
    2  (0.3819936-0.1679472j)
    3  (-0+0j)
    4  (0.3819937-0.1679472j)
    5  -0j
    1  (0.0031359+0.0003096j)
    2  (1e-07-0j)
    3  (-0.0738181-0.0072888j)
    4  (-0-0j)
    5  (-0+0j)
    1  (-0-0j)
    2  (-0.1050147-0.23751j)
    3  (-0-0j)
    4  (0.1050147+0.23751j)
    5  (-0-0j)
    1  0j
    2  0j
    3  (-0-0j)
    4  (-0-0j)
    5  (-0.1725222-0.0438714j)
    1  -0j
    2  -0j
    3  (-0+0j)
    4  (-0+0j)
    5  (-0.0121359+0.0626673j)
    1  0j
    2  (0.0639723-0.545687j)
    3  0j
    4  (-0.0639723+0.545687j)
    5  -0j
    1  -0j
    2  (0.0330027-0.5477915j)
    3  -0j
    4  (0.0330027-0.5477916j)
    5  0j
    1  (0.5575486+0.2001901j)
    2  (-0-0j)
    3  (0.0386661+0.0138832j)
    4  (-0-0j)
    5  0j
    1  (0.0068083+0.0052126j)
    2  0j
    3  (-0.5785859-0.4429811j)
    4  0j
    5  (-0-0j)
10  23
    1  (-0+0j)
    2  0j
    3  (-0.1733157+0.0646225j)
    4  0j
    5  (-0.2894383+0.10792j)
    1  (0.0913591-0.1364436j)
    2  (7.13e-05-0.0001072j)
    3  0j
    4  0j
    5  0j
    1  (-0.0001234+3.7e-05j)
    2  (0.1571436-0.0476365j)
    3  0j
    4  0j
    5  0j
    1  (-0.0384934+0.0095109j)
    2  (-0.5406479+0.133395j)
    3  0j
    4  0j
    5  0j
    1  (-0.4575424-0.3174104j)
    2  (0.0325716+0.0226117j)
    3  0j
    4  0j
    5  0j
    1  -0j
    2  (-0-0j)
    3  (-0.0663351+0.043681j)
    4  (-0-0j)
    5  (-0.1107801+0.0729476j)
    1  -0j
    2  (-0+0j)
    3  (-0.0039723+0.024575j)
    4  (-0-0j)
    5  (0.0022112-0.0136801j)
    1  (-0.0243186+0.1078047j)
    2  (-0.0004283+0.0018986j)
    3  0j
    4  (-0+0j)
    5  (-0-0j)
    1  (0.0015793-0.0011376j)
    2  (-0.089671+0.0645937j)
    3  -0j
    4  (-0+0j)
    5  (-0-0j)
    1  (-0-0j)
    2  0j
    3  (-0-0j)
    4  (-0.9558028-0.1833002j)
    5  0j
    1  (-0.0025628-0.0011694j)
    2  (-0.6911981-0.3153306j)
    3  (-0-0j)
    4  (-0+0j)
    5  (-0-0j)
    1  (-0.3231788+0.6875636j)
    2  (0.0011982-0.0025495j)
    3  (-0+0j)
    4  -0j
    5  -0j
    1  -0j
    2  (-0-0j)
    3  (0.4772363+0.4415984j)
    4  (-0-0j)
    5  (-0.2656625-0.245824j)
    1  (-0-0j)
    2  (-0+0j)
    3  (0.0837075-0.332547j)
    4  (-0-0j)
    5  (0.1397919-0.5553552j)
10  22
    1  (-0.1598438+0.3117691j)
    2  (-0-0j)
    3  (-0.0931246+0.1816359j)
    4  (-0-0j)
    5  -0j
    1  (0.316545-0.4452632j)
    2  0j
    3  (-0.0891539+0.125407j)
    4  0j
    5  (3e-07-4e-07j)
    1  (-4e-07+4e-07j)
    2  (-0-0j)
    3  (1e-07-1e-07j)
    4  (-0-0j)
    5  (0.4209675-0.3966899j)
    1  0j
    2  (-0.1548728+0.2813154j)
    3  0j
    4  (0.1548728-0.2813154j)
    5  (-0+0j)
    1  (-0-0j)
    2  (-0.0725145-0.4109344j)
    3  (-0-0j)
    4  (-0.0725145-0.4109344j)
    5  0j
    1  (0.0021496-0.0023042j)
    2  0j
    3  (-0.050601+0.0542381j)
    4  0j
    5  0j
    1  -0j
    2  (0.2181373-0.1409084j)
    3  (-0+0j)
    4  (-0.2181373+0.1409084j)
    5  -0j
    1  -0j
    2  -0j
    3  (-0+0j)
    4  (-0+0j)
    5  (-0.075198+0.1613501j)
    1  -0j
    2  -0j
    3  (-0+0j)
    4  (-0+0j)
    5  (-0.0138021+0.0623215j)
    1  -0j
    2  (0.3074963+0.4553162j)
    3  0j
    4  (-0.3074963-0.4553161j)
    5  0j
    1  (-0-0j)
    2  (-0.5313799-0.1371137j)
    3  (-0-0j)
    4  (-0.5313799-0.1371138j)
    5  -0j
    1  (0.3010873-0.5101793j)
    2  (-0+0j)
    3  (0.0208805-0.035381j)
    4  (-0+0j)
    5  -0j
    1  (-0.0085158+0.0010024j)
    2  (-0+0j)
    3  (0.7236963-0.085191j)
    4  (-0+0j)
    5  -0j
10  22
    1  (0.3461913+0.053866j)
    2  (-0+0j)
    3  (-0.2016902-0.0313822j)
    4  (-0+0j)
    5  -0j
    1  (-0.5398321-0.0839132j)
    2  -0j
    3  (-0.152042-0.0236339j)
    4  -0j
    5  (6e-07+1e-07j)
    1  (5e-07+2e-07j)
    2  (-0+0j)
    3  (2e-07+0j)
    4  (-0+0j)
    5  (0.5506471+0.1770995j)
    1  -0j
    2  (0.3072619+0.0933492j)
    3  (-0-0j)
    4  (0.3072619+0.0933492j)
    5  (-0-0j)
    1  (-0+0j)
    2  (0.4143474+0.0494131j)
    3  (-0+0j)
    4  (-0.4143474-0.0494131j)
    5  0j
    1  (0.0028697+0.0013018j)
    2  0j
    3  (0.0675512+0.0306442j)
    4  (-0+0j)
    5  (-0-0j)
    1  0j
    2  (-0.222548-0.1338337j)
    3  0j
    4  (-0.222548-0.1338337j)
    5  0j
    1  -0j
    2  -0j
    3  -0j
    4  (-0+0j)
    5  (0.0068112-0.1778826j)
    1  -0j
    2  -0j
    3  -0j
    4  (-0+0j)
    5  (0.031429-0.0555579j)
    1  0j
    2  (0.2680391+0.4796059j)
    3  0j
    4  (0.2680391+0.4796058j)
    5  -0j
    1  0j
    2  (-0.3931449-0.3828862j)
    3  (-0-0j)
    4  (0.3931449+0.3828862j)
    5  (-0-0j)
    1  (-0.1714822+0.5670365j)
    2  -0j
    3  (0.0118923-0.0393241j)
    4  -0j
    5  -0j
    1  (0.0059642+0.0061605j)
    2  (-0-0j)
    3  (0.5068579+0.5235351j)
    4  (-0-0j)
    5  0j
10  23
    1  0j
    2  0j
    3  (-0.2381631-0.2572602j)
    4  (-0-0j)
    5  -0j
    1  (-0-0j)
    2  (7.83e-05+1.53e-05j)
    3  (-0-0j)
    4  (0.1310127+0.0989901j)
    5  (-0+0j)
    1  0j
    2  (0.161646+0.0288775j)
    3  0j
    4  (-6.44e-05-4.7e-05j)
    5  -0j
    1  0j
    2  (-0.0272174+0.0096473j)
    3  0j
    4  (-0.427908-0.3573898j)
    5  -0j
    1  (-0-0j)
    2  (-0.502332+0.241858j)
    3  (-0-0j)
    4  (0.0240306+0.0160121j)
    5  (-0+0j)
    1  0j
    2  0j
    3  (0.1476598+0.0292827j)
    4  (-1e-07+0j)
    5  -1e-07j
    1  0j
    2  (-0+0j)
    3  -0j
    4  -0j
    5  (0.0206397-0.0208035j)
    1  0j
    2  (2.77e-05+2.68e-05j)
    3  0j
    4  (0.0794091+0.0768845j)
    5  (-0-0j)
    1  (-0-0j)
    2  (-0.1099844-0.010976j)
    3  (-0-0j)
    4  (3.83e-05+3.8e-06j)
    5  (-0-0j)
    1  (0.5611965+0.7951203j)
    2  0j
    3  0j
    4  0j
    5  0j
    1  -0j
    2  (-0.4667031+0.5994866j)
    3  (-0+0j)
    4  (-0.0001685+0.0002131j)
    5  (-0+0j)
    1  -0j
    2  (2.83e-05-0.0002701j)
    3  (-0+0j)
    4  (-0.0848183+0.7549847j)
    5  -0j
    1  0j
    2  -0j
    3  (-0+0j)
    4  (-0+0j)
    5  (-0.7603683+0.0877228j)
    1  (-0-0j)
    2  -0j
    3  (-0.2680395+0.5920943j)
    4  -0j
    5  -0j
10  22
    1  (-0-1e-07j)
    2  0j
    3  (-0.0747045+0.0786119j)
    4  (-0.2413475+0.2539712j)
    5  (-0.1241594+0.1306537j)
    1  (-0+1e-07j)
    2  (-0+0j)
    3  (-0.049552+0.065018j)
    4  (0.3311519-0.4345094j)
    5  (-0.0823574+0.1080624j)
    1  0j
    2  (-0-0j)
    3  (0.466613-0.1496885j)
    4  (-1.2e-06+4e-07j)
    5  (-0.2585042+0.0829276j)
    1  (-0.0391107-0.3187385j)
    2  (-0.0391107-0.3187386j)
    3  (-0+0j)
    4  0j
    5  (-0-0j)
    1  (-0.2658556+0.3216306j)
    2  (0.2658556-0.3216306j)
    3  (-0+0j)
    4  0j
    5  -0j
    1  (-1e-07+0j)
    2  (-0-0j)
    3  (-0.0017948-0.039369j)
    4  (0.0001435+0.003148j)
    5  (-0.002983-0.0654316j)
    1  (-0.256565-0.0401683j)
    2  (-0.256565-0.0401683j)
    3  (-0-0j)
    4  0j
    5  0j
    1  -0j
    2  -0j
    3  (-0.1421434+0.0503882j)
    4  -0j
    5  (0.0787478-0.0279151j)
    1  0j
    2  0j
    3  (0.0515882+0.0162174j)
    4  0j
    5  (-0.02858-0.0089845j)
    1  (-0.1868235+0.5166836j)
    2  (-0.1868246+0.5166867j)
    3  (-0+0j)
    4  (-0+0j)
    5  (-0+0j)
    1  (0.5038491-0.2174918j)
    2  (-0.503846+0.2174904j)
    3  (-0+0j)
    4  -0j
    5  (-0+0j)
    1  -0j
    2  (-0+0j)
    3  (-0.021825+0.0003071j)
    4  (-0.5923403+0.0083342j)
    5  (-0.0362733+0.0005104j)
    1  -0j
    2  (-0+0j)
    3  (0.3860531-0.0291359j)
    4  (-0.0085503+0.0006453j)
    5  (0.6416229-0.0484242j)
10  22
    1  (-0+0j)
    2  0j
    3  (-0.0901265-0.0603143j)
    4  (0.2911712+0.1948572j)
    5  (-0.1497909-0.1002429j)
    1  (-0+0j)
    2  -0j
    3  (0.0789973+0.0210278j)
    4  (0.527932+0.1405269j)
    5  (0.1312966+0.034949j)
    1  (-0+0j)
    2  0j
    3  (0.3391403-0.3537205j)
    4  (9e-07-1e-06j)
    5  (-0.1878842+0.1959616j)
    1  (0.239632-0.2137766j)
    2  (-0.2396321+0.2137766j)
    3  0j
    4  0j
    5  (-0+0j)
    1  (-0.289175+0.3008375j)
    2  (-0.289175+0.3008376j)
    3  0j
    4  0j
    5  (-0+0j)
    1  -0j
    2  (-0-1e-07j)
    3  (0.0132586-0.0371126j)
    4  (0.0010602-0.0029675j)
    5  (0.0220359-0.0616815j)
    1  (-0.2321363+0.1164122j)
    2  (0.2321364-0.1164122j)
    3  -0j
    4  -0j
    5  (-0+0j)
    1  (-0-0j)
    2  0j
    3  (-0.1251119-0.0842065j)
    4  (-0-0j)
    5  (0.0693123+0.0466506j)
    1  (-0+0j)
    2  -0j
    3  (0.0461768-0.0281434j)
    4  (-0+0j)
    5  (-0.0255821+0.0155915j)
    1  (0.3410524+0.430753j)
    2  (-0.3410545-0.4307557j)
    3  (-0-0j)
    4  0j
    5  (-0-0j)
    1  (0.2715043-0.4769193j)
    2  (0.2715026-0.4769164j)
    3  -0j
    4  -0j
    5  -0j
    1  0j
    2  0j
    3  (0.0075332+0.020486j)
    4  (-0.2044533-0.5559994j)
    5  (0.0125202+0.0340479j)
    1  0j
    2  0j
    3  (-0.1912074-0.3366387j)
    4  (-0.0042348-0.0074559j)
    5  (-0.317788-0.5594959j)
10  22
    1  (-0+0j)
    2  (-0.1234766+0.3278774j)
    3  (-0.0382198+0.1014882j)
    4  0j
    5  (0.0635216-0.1686742j)
    1  -0j
    2  (0.0521713-0.5438182j)
    3  (-0.0078067+0.0813749j)
    4  (-0-0j)
    5  (0.012975-0.1352472j)
    1  (-0+0j)
    2  (8e-07+2e-07j)
    3  (-0.4793712-0.1016736j)
    4  -0j
    5  (-0.2655725-0.0563274j)
    1  (0.108191-0.3023552j)
    2  (-0-0j)
    3  -0j
    4  (0.108191-0.3023552j)
    5  0j
    1  (0.1992612+0.3666338j)
    2  (-0+0j)
    3  -0j
    4  (-0.1992612-0.3666339j)
    5  0j
    1  -0j
    2  (0.0008334-0.003039j)
    3  (-0.0104232+0.0380065j)
    4  (-0+0j)
    5  (0.0173235-0.0631671j)
    1  (-0.1048285-0.2375922j)
    2  0j
    3  (-0-0j)
    4  (-0.1048285-0.2375922j)
    5  (-0-0j)
    1  (-0-0j)
    2  (-0-0j)
    3  (0.0612592+0.1378079j)
    4  (-0-0j)
    5  (0.0339378+0.0763459j)
    1  (-0+0j)
    2  (-0+0j)
    3  (-0.0299063+0.0450551j)
    4  (-0+0j)
    5  (-0.0165682+0.0249606j)
    1  (0.4041486+0.3721946j)
    2  0j
    3  0j
    4  (0.4041511+0.3721968j)
    5  (-0-0j)
    1  (0.216841+0.5041295j)
    2  0j
    3  (-0-0j)
    4  (-0.2168397-0.5041265j)
    5  0j
    1  (-0-0j)
    2  (0.0577942+0.589573j)
    3  (0.0021294+0.0217231j)
    4  0j
    5  (-0.0035392-0.0361039j)
    1  (-0-0j)
    2  (0.0073427+0.0044281j)
    3  (-0.3315318-0.1999314j)
    4  0j
    5  (0.5510081+0.3322874j)
10  21
    1  (0.0266804-0.191265j)
    2  (0.0266804-0.1912649j)
    3  (-0+1e-07j)
    4  (0.0266804-0.1912649j)
    5  -0j
    1  (0.0150184+0.0124662j)
    2  (-0.0516523-0.0429122j)
    3  (-0.1293059-0.1073315j)
    4  (0.0366337+0.0304459j)
    5  (0.4388582+0.3646539j)
    1  (0.0170772-0.0640336j)
    2  (-0.0041746+0.0156867j)
    3  (-0.1470318+0.5513171j)
    4  (-0.0129026+0.0483472j)
    5  (-0.0433857+0.1623507j)
    1  (-0.1253193-0.3210191j)
    2  (-0.1253193-0.321019j)
    3  1e-07j
    4  (-0.1253193-0.321019j)
    5  (-0-0j)
    1  (0.033639+0.5021813j)
    2  (-0.0174786-0.2520752j)
    3  (0.0071199+0.1062898j)
    4  (-0.0161604-0.2501061j)
    5  (-0.0001611-0.0002406j)
    1  (-0.0009347-0.0009989j)
    2  (-0.416504-0.1264776j)
    3  (-0.0001978-0.0002114j)
    4  (0.4174386+0.1274766j)
    5  (-0.1019076-0.0310332j)
    1  (0.0008405-0.0016868j)
    2  (-0.0089923+0.0180457j)
    3  (0.0041109-0.0082498j)
    4  (0.0081518-0.0163589j)
    5  (-0.0484096+0.0971479j)
    1  (0.0206005+0.0082553j)
    2  (-0.0087852-0.0035205j)
    3  (0.1007525+0.0403748j)
    4  (-0.0118153-0.0047348j)
    5  (0.0085559+0.0034287j)
    1  0j
    2  0j
    3  0j
    4  (-0-0j)
    5  (-0-0j)
    1  (-0.2167601-0.2946513j)
    2  (-0.216763-0.2946553j)
    3  (-1e-07-2e-07j)
    4  (-0.2167629-0.2946552j)
    5  0j
    1  (0.0044653-0.0025254j)
    2  (-0.4003201+0.2264033j)
    3  (-0.0003468+0.0001961j)
    4  (0.3958549-0.223878j)
    5  (0.0356986-0.0201895j)
    1  (0.337287+0.4063527j)
    2  (-0.1658039-0.1997553j)
    3  (-0.0261939-0.0315576j)
    4  (-0.1714787-0.2065922j)
    5  (-0.0002544-0.0003066j)
10  21
    1  (0.180996+0.0673392j)
    2  (-0.180996-0.0673392j)
    3  (1e-07+0j)
    4  (0.180996+0.0673392j)
    5  (-0-0j)
    1  (0.0169397+0.0092093j)
    2  (0.0590636+0.0318285j)
    3  (0.1458481+0.0792908j)
    4  (0.0421237+0.0226191j)
    5  (-0.5029889-0.270652j)
    1  (-0.0661595-0.004904j)
    2  (-0.0164223-0.0012894j)
    3  (-0.5696205-0.0422228j)
    4  (0.0497374+0.0036146j)
    5  (-0.1656052-0.0115586j)
    1  (0.2963674+0.1758534j)
    2  (-0.2963674-0.1758534j)
    3  1e-07j
    4  (0.2963676+0.1758536j)
    5  (-1e-07-1e-07j)
    1  (-0.1245317-0.4785835j)
    2  (-0.0834806-0.3175658j)
    3  (0.0263579+0.1012952j)
    4  (0.0410511+0.1610178j)
    5  (-0.0051849-0.0191301j)
    1  (-0.0934036+0.0067043j)
    2  (0.3801347-0.0316259j)
    3  (0.0197694-0.001419j)
    4  (0.4735382-0.0383301j)
    5  (0.1043187-0.0085486j)
    1  (0.0106362+0.0126787j)
    2  (0.013615+0.0162295j)
    3  (-0.0520194-0.0620088j)
    4  (0.0029787+0.0035508j)
    5  (0.0468555+0.0558535j)
    1  (0.0098175-0.0112169j)
    2  (-0.0045305+0.0051762j)
    3  (-0.0480153+0.0548596j)
    4  (-0.014348+0.0163932j)
    5  (-0.053307+0.0609054j)
    1  (-0+0j)
    2  (-0+0j)
    3  -0j
    4  (-0+0j)
    5  -0j
    1  (-0.2245956-0.2887233j)
    2  (0.2245987+0.2887271j)
    3  (2e-07+2e-07j)
    4  (-0.2245986-0.2887271j)
    5  (-0-0j)
    1  (0.0034709+0.0069413j)
    2  (0.206264+0.4124994j)
    3  (0.0002695+0.0005391j)
    4  (0.2027932+0.4055583j)
    5  (-0.0183411-0.0366797j)
    1  (0.479977+0.2201664j)
    2  (0.2338765+0.1072796j)
    3  (0.0372753+0.0170983j)
    4  (-0.2460943-0.1128839j)
    5  (0.0005478+0.0002513j)
10  22
    1  (-0+0j)
    2  (0.2113309-0.2794445j)
    3  (-0.0654134+0.0864967j)
    4  (-0+0j)
    5  (0.1087176-0.1437582j)
    1  -0j
    2  (-0.5330864-0.1194945j)
    3  (-0.079769-0.0178807j)
    4  -0j
    5  (0.1325783+0.0297182j)
    1  (-0+1e-07j)
    2  (8e-07+1e-07j)
    3  (0.4896792+0.0186693j)
    4  0j
    5  (0.2712831+0.0103429j)
    1  (-0.2409274-0.2123156j)
    2  (-0-1e-07j)
    3  (-0-0j)
    4  (0.2409274+0.2123156j)
    5  -0j
    1  (-0.2496325-0.3343785j)
    2  0j
    3  -0j
    4  (-0.2496326-0.3343785j)
    5  0j
    1  (-0+0j)
    2  (0.0031147-0.0004779j)
    3  (0.0389541-0.0059762j)
    4  -0j
    5  (-0.064742+0.0099324j)
    1  (-0.2196089+0.1386038j)
    2  -0j
    3  -0j
    4  (0.2196089-0.1386038j)
    5  -0j
    1  -0j
    2  -0j
    3  (0.0897408-0.1212035j)
    4  (-0+0j)
    5  (0.0497166-0.067147j)
    1  (-0+0j)
    2  (-0+0j)
    3  (0.0527718-0.0118105j)
    4  -0j
    5  (0.0292357-0.0065431j)
    1  (0.3397561+0.4317763j)
    2  0j
    3  (-0-0j)
    4  (-0.3397581-0.4317789j)
    5  0j
    1  (0.460635+0.2982986j)
    2  0j
    3  0j
    4  (0.4606322+0.2982967j)
    5  (-0-0j)
    1  -0j
    2  (-0.3393617+0.4855616j)
    3  (0.0125039-0.0178907j)
    4  -0j
    5  (-0.0207816+0.0297345j)
    1  -0j
    2  (-0.0085536+0.000599j)
    3  (-0.386205+0.0270476j)
    4  -0j
    5  (0.6418754-0.0449534j)
10  21
    1  (-0.1922488+0.0182892j)
    2  (-0.1922489+0.0182892j)
    3  (-1e-07-0j)
    4  (0.1922488-0.0182892j)
    5  -0j
    1  (0.0186791+0.0058831j)
    2  (-0.0640597-0.020197j)
    3  (0.1608241+0.0506519j)
    4  (-0.0453804-0.0143139j)
    5  (-0.5440128-0.1715492j)
    1  (-0.0638085-0.0178284j)
    2  (0.0155716+0.0043445j)
    3  (-0.5493789-0.1534987j)
    4  (-0.0482371-0.0134839j)
    5  (-0.1623764-0.0454304j)
    1  (0.3444106+0.0118098j)
    2  (0.3444106+0.0118097j)
    3  (1e-07+0j)
    4  (-0.3444105-0.0118097j)
    5  (-1e-07-0j)
    1  (-0.4931486+0.0397544j)
    2  (0.1668077-0.0131739j)
    3  (0.104378-0.0084143j)
    4  (-0.326341+0.0265805j)
    5  (0.0194949-0.0016383j)
    1  (-0.0653873-0.0653302j)
    2  (0.336824+0.3344709j)
    3  (0.0138396+0.0138276j)
    4  (0.2714368+0.2691406j)
    5  (-0.0743294-0.0737612j)
    1  (0.0017617+0.0166422j)
    2  (0.0004591+0.0043365j)
    3  (-0.0086163-0.0813934j)
    4  (0.0022208+0.0209788j)
    5  (-0.0075672-0.0714826j)
    1  (0.0142405-0.0036364j)
    2  (-0.0211628+0.005404j)
    3  (-0.0696472+0.0177846j)
    4  (-0.0069223+0.0017676j)
    5  (0.0793035-0.0202505j)
    1  -0j
    2  -0j
    3  (-0+0j)
    4  -0j
    5  -0j
    1  (0.3116739-0.1914777j)
    2  (0.3116781-0.1914803j)
    3  (-2e-07+1e-07j)
    4  (-0.311678+0.1914803j)
    5  -0j
    1  (-0.0023688+0.0009237j)
    2  (0.4272969-0.1666091j)
    3  (-0.000184+7.17e-05j)
    4  (0.4249283-0.1656855j)
    5  (0.0382117-0.0148993j)
    1  (-0.286342+0.443749j)
    2  (0.1419753-0.2200216j)
    3  (-0.0222375+0.0344618j)
    4  (-0.1443631+0.2237217j)
    5  (-0.0001071+0.0001659j)
10  21
    1  (-0.0379938+0.1893425j)
    2  (0.0379938-0.1893425j)
    3  -1e-07j
    4  (0.0379938-0.1893425j)
    5  (-0+0j)
    1  (0.0085893-0.0173659j)
    2  (0.0297315-0.0601722j)
    3  (-0.0739527+0.1495175j)
    4  (-0.0211421+0.0428061j)
    5  (0.252886-0.5118919j)
    1  (-0.0184688+0.0636903j)
    2  (-0.0045691+0.0157284j)
    3  (0.1590129-0.5483607j)
    4  (-0.0138997+0.047962j)
    5  (0.046381-0.1602288j)
    1  (-0.0569709+0.3398713j)
    2  (0.056971-0.3398712j)
    3  -1e-07j
    4  (0.0569709-0.3398712j)
    5  (-0+0j)
    1  (-0.0984473-0.4935861j)
    2  (-0.0492445-0.2473405j)
    3  (-0.020837-0.1044706j)
    4  (-0.0492027-0.2462457j)
    5  (5.1e-06+0.0001338j)
    1  (-0.0001074+0.0006234j)
    2  (0.1408778-0.4121537j)
    3  (-2.27e-05+0.0001319j)
    4  (-0.1409851+0.4127771j)
    5  (-0.0344436+0.1008064j)
    1  (-0.006793-0.0211665j)
    2  (-0.003763-0.011725j)
    3  (-0.033223-0.1035207j)
    4  (-0.00303-0.0094415j)
    5  (0.0020695+0.006448j)
    1  (0.0009931-0.0009649j)
    2  (-0.0133111+0.012933j)
    3  (0.0048571-0.0047189j)
    4  (0.0143042-0.0138978j)
    5  (0.0779772-0.0757618j)
    1  0j
    2  -0j
    3  (-0+0j)
    4  (-0+0j)
    5  -0j
    1  (-0.0051332-0.3657567j)
    2  (0.0051332+0.3657617j)
    3  (-0-3e-07j)
    4  (0.0051332+0.3657616j)
    5  0j
    1  (0.0051749+1.66e-05j)
    2  (0.459927+0.0014718j)
    3  (-0.0004019-1.3e-06j)
    4  (-0.4547522-0.0014552j)
    5  (0.041012+0.0001312j)
    1  (0.0847781-0.5212459j)
    2  (0.0416691-0.2561961j)
    3  (-0.0065839+0.0404803j)
    4  (0.043108-0.265043j)
    5  (-6.45e-05+0.0003967j)
10  23
    1  0j
    2  (-0+0j)
    3  (0.169971+0.3066176j)
    4  (-0+0j)
    5  -0j
    1  (-0-0j)
    2  (1.1e-05+1.68e-05j)
    3  (-0+0j)
    4  (-0.0903043-0.137144j)
    5  0j
    1  0j
    2  (0.1323352+0.0972149j)
    3  -0j
    4  (1.62e-05+1.19e-05j)
    5  (-0-0j)
    1  (-0-0j)
    2  (-0.0025818-0.002754j)
    3  (-0+0j)
    4  (-0.5061166-0.2355808j)
    5  0j
    1  (-0-0j)
    2  (0.0702434+0.5538215j)
    3  (-0+0j)
    4  (-0.0018368-0.0032979j)
    5  0j
    1  (-0+0j)
    2  (-0+0j)
    3  (0.0478756-0.1427193j)
    4  (-0+0j)
    5  -0j
    1  0j
    2  -0j
    3  (-0+0j)
    4  (-0+0j)
    5  (-0.016255+0.0243835j)
    1  (-0-0j)
    2  (-3.48e-05-1.69e-05j)
    3  (-0-0j)
    4  (-0.0993714-0.0483979j)
    5  0j
    1  0j
    2  (0.1104208+0.0049274j)
    3  -0j
    4  (-3.86e-05-1.8e-06j)
    5  0j
    1  (0.6598727-0.7153501j)
    2  -0j
    3  -0j
    4  -0j
    5  (-0+0j)
    1  (-0-0j)
    2  (0.7007046+0.2936138j)
    3  0j
    4  (0.0002504+9.88e-05j)
    5  0j
    1  (-0+0j)
    2  (-0.0002683+2.16e-05j)
    3  -0j
    4  (0.7558501-0.076725j)
    5  (-0+0j)
    1  (-0+0j)
    2  -0j
    3  (-0+0j)
    4  (-0+0j)
    5  (-0.3593545+0.6758103j)
    1  0j
    2  (-0+0j)
    3  (0.1930428-0.6206088j)
    4  (-0+0j)
    5  (-0+0j)
10  22
    1  (-0+0j)
    2  -0j
    3  (-0.0770352+0.0763294j)
    4  (0.2488772-0.2465972j)
    5  (-0.128033+0.1268601j)
    1  (-0-0j)
    2  (-0+0j)
    3  (-0.0318723+0.0752788j)
    4  (-0.213+0.5030816j)
    5  (-0.0529731+0.1251163j)
    1  (-0+0j)
    2  -0j
    3  (0.0383429+0.4885327j)
    4  (1e-07+1.3e-06j)
    5  (-0.021242-0.2706477j)
    1  (0.1210361-0.2974461j)
    2  (-0.1210361+0.2974461j)
    3  (-0-0j)
    4  -0j
    5  (-0+0j)
    1  (-0.0308891-0.4161385j)
    2  (-0.0308891-0.4161386j)
    3  0j
    4  (-0+0j)
    5  -0j
    1  -0j
    2  (-0-0j)
    3  (-0.0387729+0.0070567j)
    4  (-0.0031003+0.0005643j)
    5  (-0.0644409+0.0117283j)
    1  (0.1224696-0.2289984j)
    2  (-0.1224696+0.2289984j)
    3  (-0+0j)
    4  (-0+0j)
    5  -0j
    1  (-0-0j)
    2  0j
    3  (-0.1460966-0.0374101j)
    4  (-0-0j)
    5  (0.0809378+0.0207253j)
    1  0j
    2  (-0-0j)
    3  (-0.0540033-0.0028269j)
    4  0j
    5  (0.029918+0.0015661j)
    1  (0.536582-0.1180876j)
    2  (-0.5365853+0.1180883j)
    3  (-0+0j)
    4  -0j
    5  (-0+0j)
    1  (0.5474006-0.0389775j)
    2  (0.5473972-0.0389773j)
    3  -0j
    4  -0j
    5  -0j
    1  0j
    2  0j
    3  (0.0105429+0.0191121j)
    4  (-0.2861388-0.518711j)
    5  (0.0175224+0.0317645j)
    1  (-0+0j)
    2  (-0+0j)
    3  (0.0068018-0.3870912j)
    4  (0.0001506-0.0085733j)
    5  (0.0113046-0.6433483j)
10  22
    1  0j
    2  (-0-0j)
    3  (0.0736874+0.0795661j)
    4  (0.2380616+0.2570538j)
    5  (0.1224691+0.1322395j)
    1  (-0-0j)
    2  (-0+0j)
    3  (0.032624+0.0749561j)
    4  (-0.2180232-0.5009251j)
    5  (0.0542223+0.12458j)
    1  0j
    2  0j
    3  (-0.1419583-0.4690226j)
    4  (4e-07+1.2e-06j)
    5  (0.0786451+0.2598391j)
    1  (0.2574503-0.191946j)
    2  (0.2574503-0.191946j)
    3  -0j
    4  0j
    5  (-0+0j)
    1  (0.243026-0.3392105j)
    2  (-0.243026+0.3392105j)
    3  (-0+0j)
    4  (-0+0j)
    5  -0j
    1  (-0-0j)
    2  0j
    3  (0.018083+0.0350164j)
    4  (-0.0014459-0.0027999j)
    5  (0.030054+0.0581974j)
    1  (0.0108474+0.2594637j)
    2  (0.0108474+0.2594637j)
    3  0j
    4  (-0-0j)
    5  (-0-0j)
    1  (-0+0j)
    2  (-0+0j)
    3  (0.1101443-0.1030143j)
    4  (-0+0j)
    5  (-0.0610202+0.0570701j)
    1  0j
    2  0j
    3  (0.0419385+0.0341396j)
    4  0j
    5  (-0.023234-0.0189134j)
    1  (0.2075556-0.5087097j)
    2  (0.2075569-0.5087128j)
    3  -0j
    4  -0j
    5  -0j
    1  (-0.0488447-0.5466085j)
    2  (0.0488444+0.5466051j)
    3  0j
    4  (-0-0j)
    5  0j
    1  -0j
    2  (-0+0j)
    3  (-0.0016891+0.0217617j)
    4  (-0.0458433+0.5906224j)
    5  (-0.0028073+0.0361681j)
    1  (-0+0j)
    2  -0j
    3  (-0.0986893+0.3743612j)
    4  (0.0021858-0.0082913j)
    5  (-0.1640223+0.6221909j)
10  22
    1  -0j
    2  (0.3101743-0.162917j)
    3  (-0.0960085+0.0504279j)
    4  (-0+0j)
    5  (0.1595669-0.0838115j)
    1  (-0+0j)
    2  (0.4128783-0.357759j)
    3  (0.0617815-0.0535337j)
    4  (1e-07-1e-07j)
    5  (-0.1026826+0.0889745j)
    1  -0j
    2  (2e-07+8e-07j)
    3  (0.0910885+0.4814947j)
    4  (-0-0j)
    5  (0.0504632+0.2667488j)
    1  (-0.2398135+0.2135729j)
    2  0j
    3  0j
    4  (0.2398136-0.213573j)
    5  (-0+0j)
    1  (0.417256-0.0047748j)
    2  (-0+1e-07j)
    3  (-0-0j)
    4  (0.4172561-0.0047748j)
    5  (-0-0j)
    1  -0j
    2  (0.0030097-0.000934j)
    3  (0.0376389-0.0116813j)
    4  (-0-0j)
    5  (-0.062556+0.0194147j)
    1  (-0.2453607-0.0850719j)
    2  0j
    3  0j
    4  (0.2453607+0.0850719j)
    5  0j
    1  -0j
    2  -0j
    3  (0.1179537-0.0939715j)
    4  (-0+0j)
    5  (0.0653466-0.0520604j)
    1  -0j
    2  -0j
    3  (-0.0003925+0.0540758j)
    4  0j
    5  (-0.0002174+0.0299581j)
    1  (0.4719832-0.2812416j)
    2  -0j
    3  (-0+0j)
    4  (-0.471986+0.2812433j)
    5  -0j
    1  (-0.5215511-0.1707368j)
    2  (-0-0j)
    3  (-0-0j)
    4  (-0.5215479-0.1707357j)
    5  0j
    1  (-0+0j)
    2  (0.5892905-0.0606063j)
    3  (-0.0217126+0.0022331j)
    4  (-0+0j)
    5  (0.0360866-0.0037114j)
    1  (-0+0j)
    2  (0.0069465-0.0050269j)
    3  (0.3136418-0.2269685j)
    4  (-0+0j)
    5  (-0.5212749+0.3772232j)
10  21
    1  (0.0858148-0.1730027j)
    2  (-0.0858148+0.1730027j)
    3  (-1e-07+0j)
    4  (-0.0858148+0.1730027j)
    5  -0j
    1  (-0.0191865-0.0028874j)
    2  (-0.0663769-0.0099853j)
    3  (0.1651927+0.0248601j)
    4  (0.0471902+0.0070978j)
    5  (-0.5645275-0.084918j)
    1  (-0.0653869-0.0109997j)
    2  (-0.016123-0.0027134j)
    3  (0.5629683+0.0947052j)
    4  (-0.0492641-0.0082863j)
    5  (0.1647399+0.0277019j)
    1  (-0.186063+0.2900667j)
    2  (0.1860631-0.2900667j)
    3  (1e-07-0j)
    4  (0.186063-0.2900667j)
    5  (-0+0j)
    1  (-0.2799825+0.4182455j)
    2  (-0.1399322+0.2092216j)
    3  (-0.0592601+0.0885243j)
    4  (-0.1400503+0.209024j)
    5  (-1.44e-05-2.41e-05j)
    1  (0.0001241+4.75e-05j)
    2  (-0.3148297+0.3014086j)
    3  (2.63e-05+1e-05j)
    4  (0.3149538-0.3013612j)
    5  (0.0769594-0.0736584j)
    1  (0.0168564-0.0144923j)
    2  (0.0093375-0.0080279j)
    3  (0.0824409-0.0708788j)
    4  (0.0075189-0.0064645j)
    5  (-0.005135+0.0044145j)
    1  (0.0013192-0.0004206j)
    2  (-0.0176823+0.0056377j)
    3  (0.0064517-0.0020573j)
    4  (0.0190014-0.0060584j)
    5  (0.1035836-0.0330263j)
    1  0j
    2  -0j
    3  (-0+0j)
    4  (-0+0j)
    5  -0j
    1  (0.3619824+0.0526599j)
    2  (-0.3619873-0.0526607j)
    3  (2e-07+0j)
    4  (-0.3619872-0.0526606j)
    5  (-0-0j)
    1  (0.0047868+0.0019665j)
    2  (0.4254299+0.1747695j)
    3  (-0.0003717-0.0001527j)
    4  (-0.4206433-0.1728031j)
    5  (0.0379359+0.0155843j)
    1  (-0.4923445+0.1910013j)
    2  (-0.2419909+0.0938785j)
    3  (0.0382358-0.0148333j)
    4  (-0.2503472+0.0971203j)
    5  (0.0003747-0.0001454j)
10  21
    1  (0.1776099-0.075821j)
    2  (0.1776099-0.0758211j)
    3  (1e-07-0j)
    4  (-0.1776099+0.0758211j)
    5  (-0+0j)
    1  (-0.0011601-0.0195589j)
    2  (0.0038281+0.0670614j)
    3  (-0.0099881-0.1683987j)
    4  (0.0026681+0.0475023j)
    5  (0.0322919+0.5694808j)
    1  (-0.0559756-0.0354363j)
    2  (0.0136747+0.0086048j)
    3  (-0.4819394-0.3050993j)
    4  (-0.0423012-0.0268316j)
    5  (-0.1422986-0.0906033j)
    1  (-0.3083103+0.1539574j)
    2  (-0.3083103+0.1539574j)
    3  (-1e-07+1e-07j)
    4  (0.3083102-0.1539574j)
    5  (1e-07+0j)
    1  (0.0946255-0.4856717j)
    2  (-0.0319254+0.1645438j)
    3  (-0.0200281+0.1027955j)
    4  (0.0627002-0.321128j)
    5  (-0.0037607+0.0191346j)
    1  (-0.0018957-0.0921139j)
    2  (0.0090616+0.474493j)
    3  (0.0004012+0.0194965j)
    4  (0.0071658+0.3823791j)
    5  (-0.001983-0.1047096j)
    1  (-0.0162873+0.0038455j)
    2  (-0.0042442+0.0010021j)
    3  (0.0796578-0.0188076j)
    4  (-0.0205315+0.0048476j)
    5  (0.0699588-0.0165177j)
    1  (0.0146504+0.0011755j)
    2  (-0.0217719-0.0017468j)
    3  (-0.0716521-0.0057489j)
    4  (-0.0071214-0.0005714j)
    5  (0.0815858+0.0065458j)
    1  -0j
    2  -0j
    3  (-0+0j)
    4  -0j
    5  -0j
    1  (0.3162043+0.1838998j)
    2  (0.3162086+0.1839023j)
    3  (-2e-07-1e-07j)
    4  (-0.3162085-0.1839023j)
    5  0j
    1  (-0.002198-0.0012783j)
    2  (0.3964525+0.230579j)
    3  (-0.0001707-9.93e-05j)
    4  (0.3942547+0.2293009j)
    5  (0.0354534+0.0206199j)
    1  (0.3660974+0.3806279j)
    2  (-0.18152-0.1887244j)
    3  (0.0284314+0.0295598j)
    4  (0.1845727+0.1918985j)
    5  (0.0001369+0.0001423j)
10  22
    1  (-0-1e-07j)
    2  (-0.3442878-0.0649297j)
    3  (-0.1065677-0.0200978j)
    4  0j
    5  (0.1771163+0.0334026j)
    1  (1e-07+1e-07j)
    2  (0.5446573-0.0425236j)
    3  (-0.0815007+0.0063631j)
    4  (-1e-07-1e-07j)
    5  (0.1354561-0.0105757j)
    1  1e-07j
    2  (-7e-07-5e-07j)
    3  (0.3857673+0.3021884j)
    4  (-0-0j)
    5  (0.2137158+0.1674128j)
    1  (-0.0788943-0.3112871j)
    2  0j
    3  (1e-07-0j)
    4  (-0.0788943-0.311287j)
    5  (-0+0j)
    1  (-0.3575089+0.215204j)
    2  (1e-07-0j)
    3  (1e-07-0j)
    4  (0.3575089-0.2152041j)
    5  (-1e-07+0j)
    1  1e-07j
    2  (0.0017235+0.0026381j)
    3  (-0.0215556-0.0329924j)
    4  (-0-1e-07j)
    5  (0.0358254+0.0548336j)
    1  (0.0313262-0.257794j)
    2  (-0+0j)
    3  -0j
    4  (0.0313262-0.257794j)
    5  -0j
    1  0j
    2  0j
    3  (-0.1493548-0.0209011j)
    4  0j
    5  (-0.0827429-0.0115793j)
    1  -0j
    2  -0j
    3  (0.0183594-0.0508653j)
    4  -0j
    5  (0.0101712-0.0281795j)
    1  (0.3541611-0.4200415j)
    2  -0j
    3  -0j
    4  (0.3541633-0.420044j)
    5  (-0+0j)
    1  (-0.5009882+0.2240031j)
    2  (-0+0j)
    3  -0j
    4  (0.5009852-0.2240017j)
    5  (-0+0j)
    1  -0j
    2  (-0.5820188+0.1104112j)
    3  (-0.0214447+0.0040681j)
    4  (-0+0j)
    5  (0.0356413-0.0067613j)
    1  (-0+0j)
    2  (0.0060497-0.0060765j)
    3  (-0.2731518+0.274361j)
    4  -0j
    5  (0.4539802-0.4559899j)
10  21
    1  (-0.1286532+0.1440226j)
    2  (0.1286532-0.1440225j)
    3  (-1e-07+0j)
    4  (-0.1286532+0.1440226j)
    5  0j
    1  (0.0188409-0.0045178j)
    2  (0.0652665-0.0156517j)
    3  (0.1622172-0.0388976j)
    4  (0.0464254-0.0111339j)
    5  (-0.5552056+0.1331479j)
    1  (0.0448326-0.0488625j)
    2  (0.0110728-0.0120674j)
    3  (0.3859999-0.4206967j)
    4  (-0.03376+0.0367953j)
    5  (0.1127752-0.1229195j)
    1  (0.2112891-0.2722409j)
    2  (-0.2112891+0.2722408j)
    3  (1e-07-1e-07j)
    4  (0.2112891-0.2722409j)
    5  (-1e-07-0j)
    1  (0.2468755-0.4286337j)
    2  (0.163549-0.2841377j)
    3  (-0.0522528+0.090723j)
    4  (-0.0833265+0.144496j)
    5  (0.0098032-0.0170642j)
    1  (0.0758111-0.0538314j)
    2  (-0.3110985+0.2214831j)
    3  (-0.0160459+0.0113938j)
    4  (-0.3869096+0.2753146j)
    5  (-0.0852965+0.0607086j)
    1  (-0.0154151+0.0060212j)
    2  (-0.0197322+0.0077074j)
    3  (0.075392-0.0294484j)
    4  (-0.004317+0.0016862j)
    5  (-0.0679076+0.0265245j)
    1  (-0.0093844+0.0115817j)
    2  (0.0043307-0.0053446j)
    3  (0.0458969-0.0566433j)
    4  (0.0137151-0.0169263j)
    5  (0.0509559-0.0628862j)
    1  -0j
    2  -0j
    3  (-0+0j)
    4  -0j
    5  (-0+0j)
    1  (-0.1521792+0.3326347j)
    2  (0.1521812-0.3326391j)
    3  (1e-07-2e-07j)
    4  (-0.1521812+0.3326391j)
    5  (-0+0j)
    1  (0.0029886-0.0071622j)
    2  (0.1776027-0.4256265j)
    3  (0.0002321-0.0005562j)
    4  (0.1746142-0.4184644j)
    5  (-0.0157926+0.037847j)
    1  (0.4906235-0.195294j)
    2  (0.2390641-0.0951602j)
    3  (0.0381021-0.0151667j)
    4  (-0.251553+0.1001313j)
    5  (0.00056-0.0002229j)
10  21
    1  (-0.191392-0.025753j)
    2  (-0.191392-0.025753j)
    3  (1e-07+0j)
    4  (-0.191392-0.025753j)
    5  (-0-0j)
    1  (0.0133511+0.0142481j)
    2  (-0.0459177-0.0490024j)
    3  (-0.1149507-0.1226732j)
    4  (0.0325665+0.0347542j)
    5  (0.390135+0.4163429j)
    1  (-0.0645688-0.0149168j)
    2  (0.0158085+0.0036521j)
    3  (0.5559247+0.1284306j)
    4  (0.0487605+0.0112647j)
    5  (0.1638+0.0378409j)
    1  (-0.3319918-0.09241j)
    2  (-0.3319918-0.09241j)
    3  (1e-07+0j)
    4  (-0.3319918-0.09241j)
    5  (-0-0j)
    1  (-0.4264657+0.267294j)
    2  (0.2137561-0.1339152j)
    3  (-0.0902642+0.0565745j)
    4  (0.2127096-0.1333788j)
    5  (0.0001279-6.56e-05j)
    1  (-0.0006788-1.4e-05j)
    2  (-0.4330527-0.046475j)
    3  (-0.0001437-3e-06j)
    4  (0.4337315+0.0464891j)
    5  (-0.1059209-0.0113602j)
    1  (0.0002977+0.0018608j)
    2  (-0.0031864-0.0199086j)
    3  (0.001456+0.009101j)
    4  (0.0028887+0.0180478j)
    5  (-0.0171543-0.1071772j)
    1  (0.0219872+0.0030155j)
    2  (-0.0093767-0.0012861j)
    3  (0.1075346+0.0147484j)
    4  (-0.0126105-0.0017294j)
    5  (0.0091313+0.0012517j)
    1  (-0+0j)
    2  (-0+0j)
    3  -0j
    4  (-0-0j)
    5  -0j
    1  (-0.3644743+0.0310289j)
    2  (-0.3644792+0.0310293j)
    3  (-3e-07+0j)
    4  (-0.3644791+0.0310293j)
    5  -0j
    1  (0.0046487+0.0021692j)
    2  (-0.4167665-0.1944743j)
    3  (-0.000361-0.0001685j)
    4  (0.412118+0.1923052j)
    5  (0.0371652+0.0173423j)
    1  (0.4189292-0.3215328j)
    2  (-0.2059377+0.1580595j)
    3  (-0.0325343+0.0249704j)
    4  (-0.2129861+0.1634692j)
    5  (-0.000316+0.0002426j)
