nq = 1
ntypes = 1
nions = [1]
el_names = ['V']
a_brav:
[[-1.  1.  1.]
 [ 1. -1.  1.]
 [ 1.  1. -1.]]
q_types:
[array([[ 0.,  0.,  0.]])]
