density matrix: [[[[ 0.54239247 -0.00069108  0.00000946 -0.0006764  -0.00000019]
   [-0.00069108  0.54295558  0.00000486  0.00082858 -0.00002492]
   [ 0.00000946  0.00000486  0.57155761  0.00000454  0.00000002]
   [-0.0006764   0.00082858  0.00000454  0.5466635   0.00002474]
   [-0.00000019 -0.00002492  0.00000002  0.00002474  0.57284184]]]]
overlap matrix: [[[[ 1.00000008  0.         -0.          0.          0.        ]
   [ 0.          1.00000008 -0.         -0.          0.        ]
   [-0.         -0.          1.00000008 -0.         -0.        ]
   [ 0.         -0.         -0.          1.00000008 -0.        ]
   [ 0.          0.         -0.         -0.          1.00000008]]]]
